// Jest Snapshot v1, https://goo.gl/fbAQLP

exports[`should render corrrectly 1`] = `
<View
  style={
    Object {
      "backgroundColor": "#01194f",
      "flex": 1,
    }
  }
>
  <Text
    accessible={true}
    allowFontScaling={true}
    ellipsizeMode="tail"
    style={
      Object {
        "color": "#2e78b7",
        "fontSize": 17,
      }
    }
  >
    Pedometer is avaliable: 
  </Text>
  <Text
    accessible={true}
    allowFontScaling={true}
    ellipsizeMode="tail"
    style={
      Object {
        "color": "#2e78b7",
        "fontSize": 17,
      }
    }
  >
    Steps taken in the last 24 hours: 
    0
  </Text>
  <Text
    accessible={true}
    allowFontScaling={true}
    ellipsizeMode="tail"
    style={
      Object {
        "color": "#2e78b7",
        "fontSize": 17,
      }
    }
  >
    Walk! And watch this go up: 
    0
  </Text>
</View>
`;
