// Jest Snapshot v1, https://goo.gl/fbAQLP

exports[`should render corrrectly 1`] = `
<View
  style={
    Object {
      "backgroundColor": "#01194f",
      "flex": 1,
    }
  }
>
  <Text
    accessible={true}
    allowFontScaling={true}
    ellipsizeMode="tail"
    style={
      Object {
        "color": "#2e78b7",
        "fontSize": 30,
        "paddingTop": 20,
        "textAlign": "center",
      }
    }
  >
    0
     steps
  </Text>
</View>
`;
